=== 1. EDUCATION vs INCOME (pooled | Y1 | Y2; address net of one-sidedness) ===
  education ~ address                                            -0.212 (0.00/0.00) |     -0.107 (0.14/0.19) |     -0.316 (0.00/0.00)
  education ~ address + household INCOME                         -0.200 (0.00/0.00) |     -0.118 (0.11/0.13) |     -0.275 (0.00/0.01)
  income ~ address                                               -0.047 (0.38/0.35) |     +0.068 (0.19/0.16) |     -0.169 (0.04/0.03)
  income ~ address + EDUCATION                                   +0.014 (0.77/0.67) |     +0.095 (0.05/0.05) |     -0.071 (0.33/0.31)
  education residual on income (schooling beyond income)         -0.192 (0.00/0.00) |     -0.135 (0.05/0.08) |     -0.245 (0.00/0.00)
  P(no bachelor's AND income >= $90k)  [pts/SD]                  +0.066 (0.00/0.00) |     +0.077 (0.00/0.00) |     +0.058 (0.05/0.04)
  P(bachelor's AND income < $60k)  [pts/SD]                      -0.005 (0.78/0.80) |     -0.007 (0.77/0.79) |     -0.002 (0.92/0.93)
        n   edu   inc  noncol_hi  col_lo    ft  nolook
terc                                                  
low   443  5.39  6.28       0.13    0.12  0.59    0.27
mid   373  4.09  5.27       0.17    0.08  0.51    0.27
high  384  4.42  5.38       0.18    0.13  0.38    0.44
  public: edu 4.25, income 5.16, non-college high-income 0.14, college low-income 0.09

=== 2. EMPLOYMENT (pts per SD) ===
  employed full time                                             -0.061 (0.05/0.04) |     -0.052 (0.22/0.25) |     -0.072 (0.06/0.02)
  part time                                                      -0.000 (1.00/1.00) |     -0.040 (0.28/0.35) |     +0.040 (0.08/0.03)
  not employed, not looking (retired/homemaker/student)          +0.052 (0.07/0.07) |     +0.098 (0.01/0.02) |     +0.007 (0.87/0.82)
  not employed, looking                                          +0.009 (0.40/0.30) |     -0.006 (0.68/0.68) |     +0.025 (0.03/0.03)
  not employed/not looking, net of AGE already in; + education     +0.040 (0.16/0.19) |     +0.091 (0.01/0.03) |     -0.010 (0.84/0.81)

=== 3. CIVIC SOCIALISATION & INFORMATION (net one-sided; then + education) ===
  formal civics education received (Y1)                          -0.072 (0.32/0.33) |     -0.072 (0.32/0.31) |                     --
     ... + education                                             -0.042 (0.47/0.44) |     -0.042 (0.47/0.45) |                     --
  parents/relatives encouraged participation (Y1)                -0.148 (0.07/0.10) |     -0.148 (0.07/0.12) |                     --
     ... + education                                             -0.125 (0.08/0.10) |     -0.125 (0.08/0.09) |                     --
  feels overloaded by information (Y1)                           +0.107 (0.20/0.11) |     +0.107 (0.20/0.14) |                     --
     ... + education                                             +0.099 (0.23/0.15) |     +0.099 (0.23/0.16) |                     --
  barrier: not knowing enough about issues                       +0.022 (0.25/0.26) |     +0.011 (0.73/0.69) |     +0.033 (0.27/0.16)
     ... + education                                             +0.019 (0.33/0.32) |     +0.010 (0.76/0.74) |     +0.027 (0.35/0.23)
  barrier: unsure how to get involved                            -0.005 (0.84/0.82) |     -0.011 (0.71/0.68) |     -0.000 (0.99/0.99)
     ... + education                                             -0.006 (0.81/0.80) |     -0.012 (0.69/0.65) |     +0.002 (0.95/0.96)
  trust education officials                                                      -- |                     -- |                     --
     ... + education                                                             -- |                     -- |                     --
  satisfied with schools                                         +0.006 (0.92/0.91) |     +0.111 (0.20/0.18) |     -0.096 (0.29/0.26)
     ... + education                                             +0.029 (0.64/0.59) |     +0.128 (0.12/0.10) |     -0.071 (0.41/0.37)
  free time weekday (Y1)                                         +0.135 (0.14/0.03) |     +0.135 (0.14/0.04) |                     --
     ... + education                                             +0.125 (0.18/0.07) |     +0.125 (0.18/0.05) |                     --
  free time weekend (Y1)                                         +0.093 (0.13/0.05) |     +0.093 (0.13/0.04) |                     --
     ... + education                                             +0.090 (0.13/0.04) |     +0.090 (0.13/0.05) |                     --

=== 4. is the education gap concentrated at a particular level? P(each level) ~ address, pooled, pts/SD ===
  less than HS               share 1%   +0.2 pts (0.61/0.55)
  HS diploma/GED             share 21%   +6.0 pts (0.01/0.01)
  vocational/trade           share 6%   +3.1 pts (0.00/0.00)
  some college, no degree    share 22%   -1.4 pts (0.47/0.39)
  associate                  share 12%   +1.3 pts (0.53/0.55)
  bachelor's                 share 24%   -4.2 pts (0.16/0.18)
  graduate/professional      share 15%   -5.0 pts (0.02/0.03)
