=== 1. PEW W165 (Mar 2025, n 9,482): regular audiences of named sources vs OUR address score ===
                  source                        proxy    n  ba_w  hs_or_less_w  rep_w  address  one_sided
                Politico POLITICO Energy (weak proxy)  918  0.53          0.20   0.24    -1.15      -1.66
      The New York Times                    The Daily 2165  0.57          0.19   0.24    -0.49      -0.66
            The Atlantic               Radio Atlantic  714  0.62          0.14   0.12    -0.36      -0.94
               Breitbart         Breitbart News Daily  386  0.34          0.34   0.94    -0.17       1.24
                     NPR         NPR Politics Podcast 2500  0.59          0.14   0.21    -0.17      -1.90
          The Daily Wire  Ben Shapiro Show (flagship)  595  0.37          0.26   0.88    -0.12       0.62
                NBC News     NBC Nightly News podcast 3526  0.32          0.39   0.33    -0.00      -1.07
  Tucker Carlson Network                               457  0.28          0.40   0.93     0.28       0.05
                Fox News             Fox News Rundown 3489  0.27          0.43   0.73     0.29      -0.51
The Joe Rogan Experience                               999  0.27          0.38   0.89     1.07       0.14
  all matched (n=10): Spearman r(address, BA+ share) = -0.88 (p 0.00); Pearson -0.70 (p 0.03); r(address, HS-or-less share) = +0.79; address net of Republican share b=-6.8 pts/SD (p 0.30); net of one-sidedness b=-13.2 (p 0.09)
  without POLITICO Energy proxy (n=9): Spearman r(address, BA+ share) = -0.93 (p 0.00); Pearson -0.71 (p 0.03); r(address, HS-or-less share) = +0.82; address net of Republican share b=-10.8 pts/SD (p 0.21); net of one-sidedness b=-19.4 (p 0.04)
  side validation: r(our side score, Pew Republican share) = +0.96 over 6 sources

=== 2. PEW W118 (Dec 2022, n 5,132): 'podcast you listen to most' -> felt connection to host, by OUR address ===
                                          n  address  one_sided  conn_mean  very_conn    ba   rep
podmain                                                                                          
The Mark Levin Show                       5    -0.66       0.95       4.20       0.80  0.80  1.00
The Daily (NYT)                          37    -0.49      -0.66       2.46       0.16  0.89  0.03
Pod Save America                         12    -0.18       0.17       3.08       0.33  0.75  0.00
Daily Wire (general reference)            5    -0.12       0.62       3.40       0.40  0.80  1.00
Morning Wire                              6    -0.12       0.62       1.83       0.00  0.67  0.83
The Ben Shapiro Show                     16    -0.12       0.62       3.31       0.50  0.50  1.00
Breaking Points with Krystal and Saagar   7     0.28      -0.15       3.14       0.43  0.86  0.29
Timcast IRL                               8     0.61       0.52       2.88       0.25  0.62  0.88
Mea Culpa with Michael Cohen              4     0.89       0.33       3.25       0.25  0.25  0.00
The Joe Rogan Experience                 84     1.07       0.14       2.74       0.17  0.46  0.73
The Glenn Beck Program                    5     1.70       0.25       3.80       0.80  0.40  1.00
The Dan Bongino Show                     17     3.05       1.09       2.88       0.35  0.35  1.00
  206 respondents, 10 scored shows (Daily Wire/Morning Wire mapped to Shapiro)

  outcome ~ address of main podcast (per SD), controls party, education, age, gender; cluster = show (CR2 p / wild p)
    felt connection to host (1-5)            address -0.029 (0.76/0.78) | net one-sided -0.123 (0.41/0.29) | one-sided net address +0.510 (0.11/0.08)  N=205 G=10
    very/extremely connected                 address -0.019 (0.71/0.60) | net one-sided -0.060 (0.28/0.22) | one-sided net address +0.224 (0.06/0.06)  N=205 G=10
    host shares political opinions (freq)    address +0.105 (0.57/0.55) | net one-sided -0.057 (0.57/0.53) | one-sided net address +0.901 (0.02/0.03)  N=203 G=10
    trusts podcast news (lower=more)         address -0.101 (0.60/0.60) | net one-sided -0.011 (0.96/0.91) | one-sided net address -0.521 (0.20/0.25)  N=198 G=10
    discusses podcast with others            address -0.031 (0.67/0.56) | net one-sided -0.055 (0.58/0.51) | one-sided net address +0.130 (0.42/0.17)  N=205 G=10
    has recommended a podcast                address -0.048 (0.38/0.41) | net one-sided -0.003 (0.97/0.96) | one-sided net address -0.250 (0.05/0.04)  N=205 G=10
    listener has BA+                         address -0.028 (0.36/0.18) | net one-sided -0.025 (0.52/0.40) | one-sided net address -0.014 (0.81/0.76)  N=205 G=10
    listener education (1-6)                 address -0.000 (0.92/0.47) | net one-sided -0.000 (0.61/0.62) | one-sided net address +0.000 (0.98/0.74)  N=205 G=10

  note: PODMHOST scale 1 extremely .. 5 not at all (reversed here); overall share very/extremely connected among all who named a podcast: 8%
    listener has BA+                         address -0.136 (0.05/0.06) | net one-sided -0.124 (0.09/0.14) | one-sided net address -0.062 (0.59/0.50)  N=205 G=10
    listener education (1-6)                 address -0.378 (0.03/0.05) | net one-sided -0.347 (0.05/0.19) | one-sided net address -0.168 (0.54/0.41)  N=205 G=10
  W118 composition, show level (weighted by n): Spearman r(address, share BA+ among a show's main listeners) over the 10 shows = -0.78 | r(one-sided, BA+) = -0.31
  shows with n>=7 (7): Spearman r(address, BA+) = -0.82; r(address, very connected) = +0.14; r(one-sided, very connected) = +0.54
